Microchip MPLAB XC8 PIC(R) Assembler V3.10

Linker command line:

-W-3 --edf=/opt/microchip/xc8/v3.10/pic/dat/20250813170317_en.msgs -cs \
  -h+dist/default/debug/LECTURA_EEPROM.X.debug.sym \
  --cmf=dist/default/debug/LECTURA_EEPROM.X.debug.cmf -z -Q16F877A \
  -o/tmp/xcXKKGEBK/driver_tmp_3.o --fixupoverflow=error \
  -ver=XC8 PIC(R) Assembler --fixupoverflow=lstwarn \
  -Mdist/default/debug/LECTURA_EEPROM.X.debug.map -E1 -ACODE=00h-07FFhx4 \
  -ASTRCODE=00h-01FFFh -ASTRING=00h-0FFhx32 -ACONST=00h-0FFhx32 \
  -AENTRY=00h-0FFhx32 -ACOMMON=070h-07Fh -ABANK0=020h-06Fh \
  -ABANK1=0A0h-0EFh -ABANK2=0110h-016Fh -ABANK3=0190h-01EFh \
  -ARAM=020h-06Fh,0A0h-0EFh,0110h-016Fh,0190h-01EFh \
  -AABS1=020h-07Fh,0A0h-0EFh,0110h-016Fh,0190h-01EFh -ASFR0=00h-01Fh \
  -ASFR1=080h-09Fh -ASFR2=0100h-010Fh -ASFR3=0180h-018Fh \
  -ACONFIG=02007h-02007h -DCONFIG=2 -AIDLOC=02000h-02003h -DIDLOC=2 \
  -AEEDATA=00h-0FFh/02100h -DEEDATA=2 -DCODE=2 -DSTRCODE=2 -DSTRING=2 \
  -DCONST=2 -DENTRY=2 build/default/debug/LEER_EEPROM.o 

Object code version is 3.11

Machine type is 16F877A



                Name                               Link     Load   Length Selector   Space Scale
build/default/debug/LEER_EEPROM.o
                config                             2007     2007        1        0       4
                Code                                  0        0       3E        0       0

TOTAL           Name                               Link     Load   Length     Space
        CLASS   CODE           

        CLASS   STRCODE        

        CLASS   STRING         

        CLASS   CONST          

        CLASS   ENTRY          

        CLASS   COMMON         

        CLASS   BANK0          

        CLASS   BANK1          

        CLASS   BANK2          

        CLASS   BANK3          

        CLASS   RAM            

        CLASS   ABS1           

        CLASS   SFR0           

        CLASS   SFR1           

        CLASS   SFR2           

        CLASS   SFR3           

        CLASS   CONFIG         
                config                             2007     2007        1         4

        CLASS   IDLOC          

        CLASS   EEDATA         

        CLASS   UNCLASSED
                Code                                  0        0       3E         0


SEGMENTS        Name                           Load    Length   Top    Selector   Space  Class     Delta



UNUSED ADDRESS RANGES

        Name                Unused          Largest block    Delta
        BANK0            0020-006F             50           1
        BANK1            00A0-00EF             50           1
        BANK2            0110-016F             60           1
        BANK3            0190-01EF             60           1
        CODE             003E-1FFF            800           2
        COMMON           0070-007F             10           1
        CONST            003E-1FFF            100           2
        EEDATA           2100-21FF            100           2
        ENTRY            003E-1FFF            100           2
        IDLOC            2000-2003              4           2
        RAM              0020-006F             50           1
                         00A0-00EF             50
                         0110-016F             60
                         0190-01EF             60
        SFR1             0080-009F             20           1
        SFR2             0100-010F             10           1
        SFR3             0180-018F             10           1
        STRCODE          003E-1FFF           1FC2           2
        STRING           003E-1FFF            100           2

                                  Symbol Table

__HCode         Code         003E  __H__absolute__ __absolute__ 0000
__Hcode         code         007C  __Hconfig       config       2008
__Hdata         data         007C  __Hedata        edata        007C
__Hspace_0      (abs)        007C  __Hspace_1      (abs)        0000
__Hspace_3      (abs)        0000  __Hspace_4      (abs)        400F
__Hudata        udata        007C  __Hudata_bank0  udata_bank0  007C
__Hudata_bank1  udata_bank1  007C  __Hudata_bank2  udata_bank2  007C
__Hudata_bank3  udata_bank3  007C  __Hudata_shr    udata_shr    007C
__LCode         Code         0000  __L__absolute__ __absolute__ 0000
__Lcode         code         007C  __Lconfig       config       0000
__Ldata         data         007C  __Ledata        edata        007C
__Lspace_0      (abs)        0000  __Lspace_1      (abs)        0000
__Lspace_3      (abs)        0000  __Lspace_4      (abs)        0000
__Ludata        udata        007C  __Ludata_bank0  udata_bank0  007C
__Ludata_bank1  udata_bank1  007C  __Ludata_bank2  udata_bank2  007C
__Ludata_bank3  udata_bank3  007C  __Ludata_shr    udata_shr    007C
__S0            (abs)        0000  __S1            (abs)        0000
__S3            (abs)        0000  
